// Jest Snapshot v1, https://goo.gl/fbAQLP

exports[`App should render correctly 1`] = `
<View
  accessibilityLabel="Pantalla de inicio"
  style={
    [
      {
        "flex": 1,
      },
      {
        "backgroundColor": "#F8F8F8",
      },
    ]
  }
>
  <RCTSafeAreaView
    style={
      {
        "flex": 1,
      }
    }
  >
    <View
      style={
        {
          "borderColor": "#3E54AC",
          "borderWidth": 2,
          "flex": 1,
        }
      }
    >
      <Text>
        Home
      </Text>
    </View>
  </RCTSafeAreaView>
</View>
`;
